// Jest Snapshot v1, https://goo.gl/fbAQLP

exports[`Word Cloud snapshot test 1`] = `
<div
  className="wordCloudWrapper"
>
  <div
    className="wordCloudContainer"
  />
</div>
`;
