// Jest Snapshot v1, https://goo.gl/fbAQLP

exports[`App snapshot test 1`] = `
<div
  className="App"
>
  <h1>
    Word Cloud
  </h1>
  <div
    className="container"
  >
    <div
      className="wordCloudWrapper"
    >
      <div
        className="wordCloudContainer"
      />
    </div>
    <div
      className="infoWrapper hidden"
    />
  </div>
</div>
`;
